c:\github\ficgamejam_2026\ficgamejam_2026\ficgamejam_2026\x64\debug\vc143.pdb
c:\github\ficgamejam_2026\ficgamejam_2026\ficgamejam_2026\x64\debug\vc143.idb
c:\github\ficgamejam_2026\ficgamejam_2026\ficgamejam_2026\x64\debug\titlescene.obj
c:\github\ficgamejam_2026\ficgamejam_2026\ficgamejam_2026\x64\debug\scenemanager.obj
c:\github\ficgamejam_2026\ficgamejam_2026\ficgamejam_2026\x64\debug\gamescene.obj
c:\github\ficgamejam_2026\ficgamejam_2026\ficgamejam_2026\x64\debug\scene.obj
c:\github\ficgamejam_2026\ficgamejam_2026\ficgamejam_2026\x64\debug\resultscene.obj
c:\github\ficgamejam_2026\ficgamejam_2026\ficgamejam_2026\x64\debug\pathfinder.obj
c:\github\ficgamejam_2026\ficgamejam_2026\ficgamejam_2026\x64\debug\rectcollider.obj
c:\github\ficgamejam_2026\ficgamejam_2026\ficgamejam_2026\x64\debug\player.obj
c:\github\ficgamejam_2026\ficgamejam_2026\ficgamejam_2026\x64\debug\main.obj
c:\github\ficgamejam_2026\ficgamejam_2026\ficgamejam_2026\x64\debug\input.obj
c:\github\ficgamejam_2026\ficgamejam_2026\ficgamejam_2026\x64\debug\goal.obj
c:\github\ficgamejam_2026\ficgamejam_2026\ficgamejam_2026\x64\debug\gameobject.obj
c:\github\ficgamejam_2026\ficgamejam_2026\ficgamejam_2026\x64\debug\enemy.obj
c:\github\ficgamejam_2026\ficgamejam_2026\ficgamejam_2026\x64\debug\character.obj
c:\github\ficgamejam_2026\ficgamejam_2026\ficgamejam_2026\x64\debug\collisionmanager.obj
c:\github\ficgamejam_2026\ficgamejam_2026\ficgamejam_2026\x64\debug\collider.obj
c:\github\ficgamejam_2026\ficgamejam_2026\ficgamejam_2026\x64\debug\circlecollider.obj
c:\github\ficgamejam_2026\ficgamejam_2026\ficgamejam_2026\x64\debug\button.obj
c:\github\ficgamejam_2026\ficgamejam_2026\ficgamejam_2026\x64\debug\animation.obj
c:\github\ficgamejam_2026\ficgamejam_2026\ficgamejam_2026\x64\debug\vector2.obj
c:\github\ficgamejam_2026\ficgamejam_2026\ficgamejam_2026\x64\debug\stageloader.obj
c:\github\ficgamejam_2026\ficgamejam_2026\ficgamejam_2026\x64\debug\application.obj
c:\github\ficgamejam_2026\ficgamejam_2026\ficgamejam_2026\x64\debug\chest.obj
c:\github\ficgamejam_2026\ficgamejam_2026\ficgamejam_2026\x64\debug\effect.obj
c:\github\ficgamejam_2026\ficgamejam_2026\ficgamejam_2026\x64\debug\deatheffect.obj
c:\github\ficgamejam_2026\ficgamejam_2026\x64\debug\ficgamejam_2026.exe
c:\github\ficgamejam_2026\ficgamejam_2026\x64\debug\ficgamejam_2026.pdb
c:\github\ficgamejam_2026\ficgamejam_2026\ficgamejam_2026\x64\debug\ficgamejam_2026.ilk
c:\github\ficgamejam_2026\ficgamejam_2026\ficgamejam_2026\x64\debug\ficgamejam_2026.tlog\cl.command.1.tlog
c:\github\ficgamejam_2026\ficgamejam_2026\ficgamejam_2026\x64\debug\ficgamejam_2026.tlog\cl.items.tlog
c:\github\ficgamejam_2026\ficgamejam_2026\ficgamejam_2026\x64\debug\ficgamejam_2026.tlog\cl.read.1.tlog
c:\github\ficgamejam_2026\ficgamejam_2026\ficgamejam_2026\x64\debug\ficgamejam_2026.tlog\cl.write.1.tlog
c:\github\ficgamejam_2026\ficgamejam_2026\ficgamejam_2026\x64\debug\ficgamejam_2026.tlog\link.command.1.tlog
c:\github\ficgamejam_2026\ficgamejam_2026\ficgamejam_2026\x64\debug\ficgamejam_2026.tlog\link.read.1.tlog
c:\github\ficgamejam_2026\ficgamejam_2026\ficgamejam_2026\x64\debug\ficgamejam_2026.tlog\link.secondary.1.tlog
c:\github\ficgamejam_2026\ficgamejam_2026\ficgamejam_2026\x64\debug\ficgamejam_2026.tlog\link.write.1.tlog
